                                 Started job on |	Jun 16 07:38:19
                             Started mapping on |	Jun 16 07:38:20
                                    Finished on |	Jun 16 07:41:59
       Mapping speed, Million of reads per hour |	694.29

                          Number of input reads |	42235781
                      Average input read length |	49
                                    UNIQUE READS:
                   Uniquely mapped reads number |	18000199
                        Uniquely mapped reads % |	42.62%
                          Average mapped length |	49.32
                       Number of splices: Total |	536430
            Number of splices: Annotated (sjdb) |	0
                       Number of splices: GT/AG |	514664
                       Number of splices: GC/AG |	283
                       Number of splices: AT/AC |	31
               Number of splices: Non-canonical |	21452
                      Mismatch rate per base, % |	0.23%
                         Deletion rate per base |	0.01%
                        Deletion average length |	1.13
                        Insertion rate per base |	0.00%
                       Insertion average length |	1.02
                             MULTI-MAPPING READS:
        Number of reads mapped to multiple loci |	23515391
             % of reads mapped to multiple loci |	55.68%
        Number of reads mapped to too many loci |	168868
             % of reads mapped to too many loci |	0.40%
                                  UNMAPPED READS:
  Number of reads unmapped: too many mismatches |	0
       % of reads unmapped: too many mismatches |	0.00%
            Number of reads unmapped: too short |	463000
                 % of reads unmapped: too short |	1.10%
                Number of reads unmapped: other |	88323
                     % of reads unmapped: other |	0.21%
                                  CHIMERIC READS:
                       Number of chimeric reads |	0
                            % of chimeric reads |	0.00%
